191.144.85.4 - - [03/Mar/2013:06:48:59 +0000] "GET /index.php HTTP/1.1" 404 1549 788738 "-" "Apple-PubSub/65.28"
217.92.123.194 - - [03/Mar/2013:06:48:59 +0000] "GET / HTTP/1.1" 200 8003 32575 "-" "Apple-PubSub/65.28"
245.195.175.11 - - [03/Mar/2013:06:48:59 +0000] "POST / HTTP/1.1" 200 3326 422770 "http://www.google.com/?q=request" "Apple-PubSub/65.28"
164.159.217.209 - - [03/Mar/2013:06:48:59 +0000] "POST /resource HTTP/1.1" 201 7340 119240 "http://www.google.com/?q=request" "Mozilla/5.0 (Macintosh; Intel Mac OS X 10_6_8) AppleWebKit/535.2 (KHTML, like Gecko) Chrome/15.0.874.121 Safari/535.2"
181.251.129.101 - - [03/Mar/2013:06:48:59 +0000] "GET /index.php HTTP/1.1" 500 4407 132405 "http://www.google.com/?q=request" "Apple-PubSub/65.28"
180.30.12.152 - - [03/Mar/2013:06:49:00 +0000] "PUT /resource HTTP/1.1" 201 9590 496677 "-" "Mozilla/5.0 (Macintosh; Intel Mac OS X 10_6_8) AppleWebKit/535.2 (KHTML, like Gecko) Chrome/15.0.874.121 Safari/535.2"
197.132.102.6 - - [03/Mar/2013:06:49:00 +0000] "GET / HTTP/1.1" 200 7170 340266 "http://www.google.com/?q=request" "Mozilla/5.0 (Macintosh; Intel Mac OS X 10_7_2) AppleWebKit/534.51.22 (KHTML, like Gecko) Version/5.1.1 Safari/534.51.22"
148.56.100.117 - - [03/Mar/2013:06:49:00 +0000] "GET /index.php HTTP/1.1" 200 8896 695220 "http://www.google.com/?q=request" "Mozilla/5.0 (Macintosh; Intel Mac OS X 10_7_2) AppleWebKit/534.51.22 (KHTML, like Gecko) Version/5.1.1 Safari/534.51.22"
37.116.196.180 - - [03/Mar/2013:06:49:00 +0000] "DELETE /index.html HTTP/1.1" 200 1880 989963 "http://www.google.com/?q=request" "Mozilla/5.0 (Macintosh; Intel Mac OS X 10_6_8) AppleWebKit/535.2 (KHTML, like Gecko) Chrome/15.0.874.121 Safari/535.2"
152.121.175.227 - - [03/Mar/2013:06:49:00 +0000] "GET / HTTP/1.1" 200 7863 602392 "http://www.google.com/?q=request" "Mozilla/5.0 (Macintosh; Intel Mac OS X 10_6_8) AppleWebKit/535.2 (KHTML, like Gecko) Chrome/15.0.874.121 Safari/535.2"
57.224.30.77 - - [03/Mar/2013:06:49:01 +0000] "DELETE /resource HTTP/1.1" 201 6911 217810 "-" "Mozilla/5.0 (Macintosh; Intel Mac OS X 10_6_8) AppleWebKit/535.2 (KHTML, like Gecko) Chrome/15.0.874.121 Safari/535.2"
222.12.50.64 - - [03/Mar/2013:06:49:01 +0000] "GET /index.php HTTP/1.1" 201 7932 12566 "-" "Apple-PubSub/65.28"
177.129.219.190 - - [03/Mar/2013:06:49:01 +0000] "GET /resource HTTP/1.1" 404 2489 676762 "-" "Mozilla/5.0 (Macintosh; Intel Mac OS X 10_7_2) AppleWebKit/534.51.22 (KHTML, like Gecko) Version/5.1.1 Safari/534.51.22"
160.245.53.243 - - [03/Mar/2013:06:49:01 +0000] "POST / HTTP/1.1" 200 460 934135 "-" "Mozilla/5.0 (Macintosh; Intel Mac OS X 10_6_8) AppleWebKit/535.2 (KHTML, like Gecko) Chrome/15.0.874.121 Safari/535.2"
102.28.163.230 - - [03/Mar/2013:06:49:02 +0000] "PUT / HTTP/1.1" 404 3618 356125 "-" "Mozilla/5.0 (Macintosh; Intel Mac OS X 10_6_8) AppleWebKit/535.2 (KHTML, like Gecko) Chrome/15.0.874.121 Safari/535.2"
